[17:03:41] aliases loaded: 54
[17:04:17] universe: 200,000 S1 (frac=0.5), 10,320,219 S2/S3 records (full pool)
[17:09:08] country=India src=2: 80,046 S1, 4,402,942 candidate pairs
[17:12:11] country=India src=3: 80,046 S1, 4,393,622 candidate pairs
[17:16:32] country=US src=2: 119,954 S1, 6,596,737 candidate pairs
[17:21:08] country=US src=3: 119,954 S1, 6,589,510 candidate pairs
[17:21:31] pairs=21,982,811  positives=659,672  blocking recall=0.9531
[17:21:31]   oracle macro F0.5 ceiling at this recall ~= 0.9903
[17:21:32] fit rows: 7,058,137 (659,672 pos / 6,398,465 neg)
C:\Users\prajw\OneDrive - Amrita Vishwa Vidyapeetham\Desktop\Hackathons\amazon-ml\code\business_entity_resolution\.venv\Lib\site-packages\lightgbm\sklearn.py:1106: LGBMDeprecationWarning: The argument 'eval_set' is deprecated, use 'eval_X' and 'eval_y' instead.
  eval_set = _validate_eval_set_Xy(eval_set=eval_set, eval_X=eval_X, eval_y=eval_y)
[17:24:43] stage-1 fitted
[17:32:20] after prune: 818,681 pairs, recall=0.9525
C:\Users\prajw\OneDrive - Amrita Vishwa Vidyapeetham\Desktop\Hackathons\amazon-ml\code\business_entity_resolution\.venv\Lib\site-packages\lightgbm\sklearn.py:1106: LGBMDeprecationWarning: The argument 'eval_set' is deprecated, use 'eval_X' and 'eval_y' instead.
  eval_set = _validate_eval_set_Xy(eval_set=eval_set, eval_X=eval_X, eval_y=eval_y)
[17:32:31] stage-2 fitted
[17:32:46] tune thr=0.5 margin=0.0: F0.5=0.9564  <- best
[17:32:46] tune thr=0.5 margin=0.1: F0.5=0.9564  <- best
[17:32:47] tune thr=0.6 margin=0.0: F0.5=0.9579  <- best
[17:32:48] tune thr=0.6 margin=0.1: F0.5=0.9580  <- best
[17:32:51] tune thr=0.7 margin=0.0: F0.5=0.9583  <- best
[17:33:02] tune expected-F0.5: 0.9571
[17:33:02] BEST mode=threshold thr=0.7 margin=0.0  tune=0.9583  held-out test F0.5=0.9562
[17:33:02] top stage-2 features: s1_rank:405, prob1:304, pa_best:297, p_best:270, pa_sum:270, s1_best:235, rrf:215, rec_margin:204, name_ratio:192, s1_gap:188, rec_n:168, pa_gap:152
