[10:18:02] aliases loaded: 54
[10:19:43] universe: 551,705 S1, 2,581,643 S2/S3 records
[10:21:43] country=India: 220,910 S1, 6,625,305 candidate pairs
[10:24:59] country=US: 330,795 S1, 9,922,841 candidate pairs
[10:27:00] pairs=16,548,146  positives=1,795,214  blocking recall=0.9399
C:\Users\prajw\OneDrive - Amrita Vishwa Vidyapeetham\Desktop\Hackathons\amazon-ml\code\business_entity_resolution\.venv\Lib\site-packages\lightgbm\sklearn.py:1106: LGBMDeprecationWarning: The argument 'eval_set' is deprecated, use 'eval_X' and 'eval_y' instead.
  eval_set = _validate_eval_set_Xy(eval_set=eval_set, eval_X=eval_X, eval_y=eval_y)
[10:29:31] tune thr=0.3 margin=0.0: F0.5=0.9615
[10:29:34] tune thr=0.3 margin=0.1: F0.5=0.9617
[10:29:36] tune thr=0.3 margin=0.2: F0.5=0.9618
[10:29:39] tune thr=0.4 margin=0.0: F0.5=0.9622
[10:29:41] tune thr=0.4 margin=0.1: F0.5=0.9624
[10:29:44] tune thr=0.4 margin=0.2: F0.5=0.9625
[10:29:46] tune thr=0.5 margin=0.0: F0.5=0.9642
[10:29:49] tune thr=0.5 margin=0.1: F0.5=0.9644
[10:29:52] tune thr=0.5 margin=0.2: F0.5=0.9645
[10:29:54] tune thr=0.6 margin=0.0: F0.5=0.9655
[10:29:57] tune thr=0.6 margin=0.1: F0.5=0.9657
[10:30:00] tune thr=0.6 margin=0.2: F0.5=0.9657
[10:30:02] tune thr=0.7 margin=0.0: F0.5=0.9659
[10:30:05] tune thr=0.7 margin=0.1: F0.5=0.9659
[10:30:07] tune thr=0.7 margin=0.2: F0.5=0.9660
[10:30:10] tune thr=0.8 margin=0.0: F0.5=0.9657
[10:30:12] tune thr=0.8 margin=0.1: F0.5=0.9657
[10:30:15] tune thr=0.8 margin=0.2: F0.5=0.9657
[10:30:17] tune thr=0.9 margin=0.0: F0.5=0.9634
[10:30:20] tune thr=0.9 margin=0.1: F0.5=0.9634
[10:30:23] tune thr=0.9 margin=0.2: F0.5=0.9634
[10:30:28] tune expected-F0.5: 0.9652
[10:30:30] BEST mode=threshold thr=0.7 margin=0.2  tune=0.9660  held-out test F0.5=0.9668
[10:30:31] top features: len_ratio:3730, name_ratio:2934, name_jw:2714, name_tset:2640, addr_tset:2635, name_part:2630, core_tset:2551, name_tsort:1966, rec_margin:1959, addr_tsort:1827
